{
  "schema": "lay.output-transaction-durability-microproof.v1",
  "generated_unix_ms": 1787242373653,
  "verdict": "FAIL_ISOLATED_DURABILITY_STRATEGY",
  "host": {
    "hostname": "t480",
    "filesystem_mount": "/",
    "filesystem_type": "ext4",
    "mount_options": "rw,relatime",
    "device_id": 66306,
    "journal_directory": "/home/ubu/.cache/lay/slice7a-journal-20260820-attempt2",
    "clock": "std::time::Instant(CLOCK_MONOTONIC)",
    "worker_nice": 0
  },
  "record_bytes": 256,
  "queue_capacity": 32,
  "tail_flush_deadline_ms": 20,
  "warmup_samples": 64,
  "prepare": {
    "latency": {
      "samples": 1000,
      "p50_us": 698,
      "p95_us": 1280,
      "p99_us": 1517,
      "maximum_us": 166626
    },
    "journal": {
      "appended_records": 2128,
      "appended_bytes": 544768,
      "sync_calls": 2128,
      "sync_io_us": 2394482,
      "foreground_waits": 1064,
      "tail_flushes": 1064,
      "co_commits": 0,
      "owner_nice": 0
    },
    "records_verified": 2128
  },
  "co_commit": {
    "latency": {
      "samples": 1000,
      "p50_us": 682,
      "p95_us": 1275,
      "p99_us": 1532,
      "maximum_us": 1689
    },
    "journal": {
      "appended_records": 2130,
      "appended_bytes": 545280,
      "sync_calls": 1066,
      "sync_io_us": 761128,
      "foreground_waits": 1065,
      "tail_flushes": 1,
      "co_commits": 1064,
      "owner_nice": 0
    },
    "records_verified": 2130
  },
  "tail_flush": {
    "latency": {
      "samples": 1000,
      "p50_us": 682,
      "p95_us": 1188,
      "p99_us": 1397,
      "maximum_us": 4269
    },
    "journal": {
      "appended_records": 2128,
      "appended_bytes": 544768,
      "sync_calls": 2128,
      "sync_io_us": 2043575,
      "foreground_waits": 1064,
      "tail_flushes": 1064,
      "co_commits": 0,
      "owner_nice": 0
    },
    "records_verified": 2128
  },
  "next_native_wait": {
    "latency": {
      "samples": 1000,
      "p50_us": 721,
      "p95_us": 1203,
      "p99_us": 1431,
      "maximum_us": 1584
    },
    "journal": {
      "appended_records": 2128,
      "appended_bytes": 544768,
      "sync_calls": 2128,
      "sync_io_us": 1586240,
      "foreground_waits": 2128,
      "tail_flushes": 1064,
      "co_commits": 0,
      "owner_nice": 0
    },
    "records_verified": 2128
  },
  "fault_matrix": {
    "checksum_damage_rejected": true,
    "saturation_refused": true,
    "prepare_failure_refused_before_effect": true,
    "terminal_failure_requires_recovery": true
  },
  "gates": {
    "p99_at_most_us": 2000,
    "maximum_strictly_below_us": 8000,
    "prepare_pass": false,
    "co_commit_pass": true
  },
  "runtime_authority_changed": false,
  "installed_runtime_touched": false
}
